   Ôû▓ Next.js 15.1.7
   - Environments: .env.local

   Creating an optimized production build ...
 Ô£ô Compiled successfully
   Linting and checking validity of types ...
node.exe : 
En línea: 1 Carácter: 
1
+ & "C:\Program Files\
nodejs/node.exe" 
"C:\Program 
Files\nodejs/node_mo 
...
+ ~~~~~~~~~~~~~~~~~~~~
~~~~~~~~~~~~~~~~~~~~~~
~~~~~~~~~~~~~~~~~~~~~~
~~~~~
    + CategoryInfo    
          : NotSpeci  
  fied: (:String) [   
 ], RemoteExceptio    
n
    + FullyQualifiedE 
   rrorId : NativeCo  
  mmandError
 
Failed to compile.

./app/calidad/ms/list/
page.tsx
22:44  Error: 
Unexpected any. 
Specify a different 
type.  @typescript-esl
int/no-explicit-any
23:46  Error: 
Unexpected any. 
Specify a different 
type.  @typescript-esl
int/no-explicit-any
59:65  Error: 
Unexpected any. 
Specify a different 
type.  @typescript-esl
int/no-explicit-any
60:17  Error: 
'usersMap' is never 
reassigned. Use 
'const' instead.  
prefer-const
75:46  Error: 
Unexpected any. 
Specify a different 
type.  @typescript-esl
int/no-explicit-any
77:41  Error: 
Unexpected any. 
Specify a different 
type.  @typescript-esl
int/no-explicit-any
83:37  Error: 
Unexpected any. 
Specify a different 
type.  @typescript-esl
int/no-explicit-any
129:9  Error: Error: 
Calling setState 
synchronously within 
an effect can trigger 
cascading renders

Effects are intended 
to synchronize state 
between React and 
external systems such 
as manually updating 
the DOM, state 
management libraries, 
or other platform 
APIs. In general, the 
body of an effect 
should do one or both 
of the following:
* Update external 
systems with the 
latest state from 
React.
* Subscribe for 
updates from some 
external system, 
calling setState in a 
callback function 
when external state 
changes.

Calling setState 
synchronously within 
an effect body causes 
cascading renders 
that can hurt 
performance, and is 
not recommended. (http
s://react.dev/learn/yo
u-might-not-need-an-ef
fect).

C:\Users\analista2.des
arrollo\Desktop\contro
l_de_piso\app\calidad\
ms\list\page.tsx:129:9
  127 |
  128 |     
useEffect(() => {
> 129 |         
fetchData()
      |         
^^^^^^^^^ Avoid 
calling setState() 
directly within an 
effect
  130 |     }, 
[selectedDate])
  131 |
  132 |     const 
filteredReports = 
reports.filter(report 
=> {  react-hooks/set-
state-in-effect
130:8  Warning: React 
Hook useEffect has a 
missing dependency: 
'fetchData'. Either 
include it or remove 
the dependency array. 
 react-hooks/exhaustiv
e-deps

./app/calidad/ms/page.
tsx
10:38  Error: 
Unexpected any. 
Specify a different 
type.  @typescript-esl
int/no-explicit-any
12:46  Error: 
Unexpected any. 
Specify a different 
type.  @typescript-esl
int/no-explicit-any
13:44  Error: 
Unexpected any. 
Specify a different 
type.  @typescript-esl
int/no-explicit-any
14:56  Error: 
Unexpected any. 
Specify a different 
type.  @typescript-esl
int/no-explicit-any
49:38  Error: 
Unexpected any. 
Specify a different 
type.  @typescript-esl
int/no-explicit-any
60:8  Warning: React 
Hook useEffect has a 
missing dependency: 
'fetchData'. Either 
include it or remove 
the dependency array. 
 react-hooks/exhaustiv
e-deps

./app/calidad/page.tsx
9:38  Error: 
Unexpected any. 
Specify a different 
type.  @typescript-esl
int/no-explicit-any

./app/components/Login
Form.tsx
13:9  Warning: 
'handleSignUp' is 
assigned a value but 
never used.  @typescri
pt-eslint/no-unused-va
rs
20:15  Warning: 
'data' is assigned a 
value but never used. 
 @typescript-eslint/no
-unused-vars
32:14  Warning: 'err' 
is defined but never 
used.  @typescript-esl
int/no-unused-vars
46:15  Warning: 
'data' is assigned a 
value but never used. 
 @typescript-eslint/no
-unused-vars
58:14  Warning: 'err' 
is defined but never 
used.  @typescript-esl
int/no-unused-vars

./app/home/page.tsx
9:36  Error: 
Unexpected any. 
Specify a different 
type.  @typescript-esl
int/no-explicit-any

./app/home/selection/p
age.tsx
9:36  Error: 
Unexpected any. 
Specify a different 
type.  @typescript-esl
int/no-explicit-any

./app/layout.tsx
17:9  Warning: Custom 
fonts not added in 
`pages/_document.js` 
will only load for a 
single page. This is 
discouraged. See: http
s://nextjs.org/docs/me
ssages/no-page-custom-
font  @next/next/no-pa
ge-custom-font

./app/login/page.tsx
22:15  Warning: 
'data' is assigned a 
value but never used. 
 @typescript-eslint/no
-unused-vars
35:14  Warning: 'err' 
is defined but never 
used.  @typescript-esl
int/no-unused-vars

./app/marmol/page.tsx
23:38  Error: 
Unexpected any. 
Specify a different 
type.  @typescript-esl
int/no-explicit-any

./components/acabado/A
cabadoModule.tsx
7:41  Warning: 
'Scissors' is defined 
but never used.  @type
script-eslint/no-unuse
d-vars
7:70  Warning: 
'Layers' is defined 
but never used.  @type
script-eslint/no-unuse
d-vars
19:8  Warning: React 
Hook useEffect has a 
missing dependency: 
'loadRegistros'. 
Either include it or 
remove the dependency 
array.  react-hooks/ex
haustive-deps

./components/administr
acion/AdministracionMo
dule.tsx
18:5  Warning: 
'Loader2' is defined 
but never used.  @type
script-eslint/no-unuse
d-vars
19:5  Warning: 
'ChevronLeft' is 
defined but never 
used.  @typescript-esl
int/no-unused-vars
20:5  Warning: 
'ChevronRight' is 
defined but never 
used.  @typescript-esl
int/no-unused-vars
21:5  Warning: 
'Filter' is defined 
but never used.  @type
script-eslint/no-unuse
d-vars
25:48  Warning: 
'userEmail' is 
defined but never 
used.  @typescript-esl
int/no-unused-vars
34:81  Error: 
Unexpected any. 
Specify a different 
type.  @typescript-esl
int/no-explicit-any
116:18  Warning: 
'error' is defined 
but never used.  @type
script-eslint/no-unuse
d-vars
132:18  Warning: 
'error' is defined 
but never used.  @type
script-eslint/no-unuse
d-vars

./components/cedi/Cedi
List.tsx
7:29  Warning: 
'Package' is defined 
but never used.  @type
script-eslint/no-unuse
d-vars
20:42  Warning: React 
Hook useEffect has a 
missing dependency: 
'loadRegistros'. 
Either include it or 
remove the dependency 
array.  react-hooks/ex
haustive-deps

./components/contramol
des/ContramoldeModule.
tsx
15:9  Error: Error: 
Cannot access 
variable before it is 
declared

`loadRegistros` is 
accessed before it is 
declared, which 
prevents the earlier 
access from updating 
when this value 
changes over time.

C:\Users\analista2.des
arrollo\Desktop\contro
l_de_piso\components\c
ontramoldes\Contramold
eModule.tsx:15:9
  13 |
  14 |     
useEffect(() => {
> 15 |         
loadRegistros()
     |         
^^^^^^^^^^^^^ 
`loadRegistros` 
accessed before it is 
declared
  16 |     }, [])
  17 |
  18 |     const 
loadRegistros = async 
() => {

C:\Users\analista2.des
arrollo\Desktop\contro
l_de_piso\components\c
ontramoldes\Contramold
eModule.tsx:18:5
  16 |     }, [])
  17 |
> 18 |     const 
loadRegistros = async 
() => {
     |     ^^^^^^^^^^^
^^^^^^^^^^^^^^^^^^^^^^
^^
> 19 |         
setLoading(true)
     | ^^^^^^^^^^^^^^^
^^^^^^^^^
> 20 |         const 
data = await getRegist
rosSinContramolde()
     | ^^^^^^^^^^^^^^^
^^^^^^^^^
> 21 |         
setRegistros(data)
     | ^^^^^^^^^^^^^^^
^^^^^^^^^
> 22 |         
setLoading(false)
     | ^^^^^^^^^^^^^^^
^^^^^^^^^
> 23 |     }
     | ^^^^^^ 
`loadRegistros` is 
declared here
  24 |
  25 |     const 
filteredRegistros = 
registros.filter(r => 
{
  26 |         if 
(!searchText) return 
true  react-hooks/immu
tability

./components/dashboard
/DetailedCharts.tsx
11:19  Error: 
Unexpected any. 
Specify a different 
type.  @typescript-esl
int/no-explicit-any
12:20  Error: 
Unexpected any. 
Specify a different 
type.  @typescript-esl
int/no-explicit-any
31:72  Error: 
Unexpected any. 
Specify a different 
type.  @typescript-esl
int/no-explicit-any
67:22  Error: Error: 
Cannot create 
components during 
render

Components created 
during render will 
reset their state 
each time they are 
created. Declare 
components outside of 
render.

C:\Users\analista2.des
arrollo\Desktop\contro
l_de_piso\components\d
ashboard\DetailedChart
s.tsx:67:22
  65 |                
 {/* Column 1: Color 
Breakdown Table */}
  66 |                
 <div className="flex 
flex-col">
> 67 |                
     <TableHeader 
title="Piezas 
pintadas hoy por 
colores" 
icon={Palette} />
     |                
      ^^^^^^^^^^^ 
This component is 
created during render
  68 |                
     <div 
className="bg-white 
rounded-xl 
overflow-hidden 
shadow-sm border 
border-gray-200">
  69 |                
         <table 
className="w-full 
text-left text-sm">
  70 |                
             <thead cl
assName="bg-[#00a3e0] 
text-white uppercase 
text-[10px] 
font-black 
tracking-widest">

C:\Users\analista2.des
arrollo\Desktop\contro
l_de_piso\components\d
ashboard\DetailedChart
s.tsx:31:25
  29 |     }
  30 |
> 31 |     const 
TableHeader = ({ 
title, icon: Icon }: 
{ title: string, 
icon: any }) => (
     |                
         ^^^^^^^^^^^^^
^^^^^^^^^^^^^^^^^^^^^^
^^^^^^^^^^^^^^^^^^^^^^
^
> 32 |         <div 
className="flex 
items-center gap-2 
mb-4">
     | ^^^^^^^^^^^^^^^
^^^^^^^^^^^^^^^^^^^^^^
^^^^^^^^^^^^^^^^^
> 33 |             
<h3 className="text-[#
00a3e0] text-sm 
font-bold uppercase tr
acking-widest">{title}
</h3>
     | ^^^^^^^^^^^^^^^
^^^^^^^^^^^^^^^^^^^^^^
^^^^^^^^^^^^^^^^^
> 34 |             
<Icon size={16} classN
ame="text-[#00a3e0]" 
/>
     | ^^^^^^^^^^^^^^^
^^^^^^^^^^^^^^^^^^^^^^
^^^^^^^^^^^^^^^^^
> 35 |         </div>
     | ^^^^^^^^^^^^^^^
^^^^^^^^^^^^^^^^^^^^^^
^^^^^^^^^^^^^^^^^
> 36 |     )
     | ^^^^^^ The 
component is created 
during render here
  37 |
  38 |     // Map 
Pintura Colors from 
the data
  39 |     const 
colorsList = [  react-
hooks/static-component
s
95:26  Error: Error: 
Cannot create 
components during 
render

Components created 
during render will 
reset their state 
each time they are 
created. Declare 
components outside of 
render.

C:\Users\analista2.des
arrollo\Desktop\contro
l_de_piso\components\d
ashboard\DetailedChart
s.tsx:95:26
  93 |                
     {/* Size 
Breakdown Table 
directly below */}
  94 |                
     <div 
className="mt-8">
> 95 |                
         <TableHeader 
title="Piezas 
vaciados hoy por 
tama├▒o" 
icon={Maximize} />
     |                
          ^^^^^^^^^^^ 
This component is 
created during render
  96 |                
         <div 
className="bg-white 
rounded-xl 
overflow-hidden 
shadow-sm border 
border-gray-200">
  97 |                
             <table 
className="w-full 
text-left text-sm">
  98 |                
                 
<thead className="bg-[
#00a3e0] text-white 
uppercase text-[10px] 
font-black 
tracking-widest">

C:\Users\analista2.des
arrollo\Desktop\contro
l_de_piso\components\d
ashboard\DetailedChart
s.tsx:31:25
  29 |     }
  30 |
> 31 |     const 
TableHeader = ({ 
title, icon: Icon }: 
{ title: string, 
icon: any }) => (
     |                
         ^^^^^^^^^^^^^
^^^^^^^^^^^^^^^^^^^^^^
^^^^^^^^^^^^^^^^^^^^^^
^
> 32 |         <div 
className="flex 
items-center gap-2 
mb-4">
     | ^^^^^^^^^^^^^^^
^^^^^^^^^^^^^^^^^^^^^^
^^^^^^^^^^^^^^^^^
> 33 |             
<h3 className="text-[#
00a3e0] text-sm 
font-bold uppercase tr
acking-widest">{title}
</h3>
     | ^^^^^^^^^^^^^^^
^^^^^^^^^^^^^^^^^^^^^^
^^^^^^^^^^^^^^^^^
> 34 |             
<Icon size={16} classN
ame="text-[#00a3e0]" 
/>
     | ^^^^^^^^^^^^^^^
^^^^^^^^^^^^^^^^^^^^^^
^^^^^^^^^^^^^^^^^
> 35 |         </div>
     | ^^^^^^^^^^^^^^^
^^^^^^^^^^^^^^^^^^^^^^
^^^^^^^^^^^^^^^^^
> 36 |     )
     | ^^^^^^ The 
component is created 
during render here
  37 |
  38 |     // Map 
Pintura Colors from 
the data
  39 |     const 
colorsList = [  react-
hooks/static-component
s
127:26  Error: Error: 
Cannot create 
components during 
render

Components created 
during render will 
reset their state 
each time they are 
created. Declare 
components outside of 
render.

C:\Users\analista2.des
arrollo\Desktop\contro
l_de_piso\components\d
ashboard\DetailedChart
s.tsx:127:26
  125 |               
      {/* Programmed 
Size PIE */}
  126 |               
      <div>
> 127 |               
          
<TableHeader 
title="Piezas 
programadas por 
tama├▒o" 
icon={Target} />
      |               
           
^^^^^^^^^^^ This 
component is created 
during render
  128 |               
          <div 
className="bg-white 
rounded-xl p-4 
shadow-sm border 
border-gray-200 
h-[300px]">
  129 |               
              
<ResponsiveContainer 
width="100%" 
height="100%">
  130 |               
                  
<PieChart>

C:\Users\analista2.des
arrollo\Desktop\contro
l_de_piso\components\d
ashboard\DetailedChart
s.tsx:31:25
  29 |     }
  30 |
> 31 |     const 
TableHeader = ({ 
title, icon: Icon }: 
{ title: string, 
icon: any }) => (
     |                
         ^^^^^^^^^^^^^
^^^^^^^^^^^^^^^^^^^^^^
^^^^^^^^^^^^^^^^^^^^^^
^
> 32 |         <div 
className="flex 
items-center gap-2 
mb-4">
     | ^^^^^^^^^^^^^^^
^^^^^^^^^^^^^^^^^^^^^^
^^^^^^^^^^^^^^^^^
> 33 |             
<h3 className="text-[#
00a3e0] text-sm 
font-bold uppercase tr
acking-widest">{title}
</h3>
     | ^^^^^^^^^^^^^^^
^^^^^^^^^^^^^^^^^^^^^^
^^^^^^^^^^^^^^^^^
> 34 |             
<Icon size={16} classN
ame="text-[#00a3e0]" 
/>
     | ^^^^^^^^^^^^^^^
^^^^^^^^^^^^^^^^^^^^^^
^^^^^^^^^^^^^^^^^
> 35 |         </div>
     | ^^^^^^^^^^^^^^^
^^^^^^^^^^^^^^^^^^^^^^
^^^^^^^^^^^^^^^^^
> 36 |     )
     | ^^^^^^ The 
component is created 
during render here
  37 |
  38 |     // Map 
Pintura Colors from 
the data
  39 |     const 
colorsList = [  react-
hooks/static-component
s
139:51  Warning: 
'name' is defined but 
never used.  @typescri
pt-eslint/no-unused-va
rs
154:26  Error: Error: 
Cannot create 
components during 
render

Components created 
during render will 
reset their state 
each time they are 
created. Declare 
components outside of 
render.

C:\Users\analista2.des
arrollo\Desktop\contro
l_de_piso\components\d
ashboard\DetailedChart
s.tsx:154:26
  152 |               
      {/* Programmed 
Color Table */}
  153 |               
      <div>
> 154 |               
          
<TableHeader 
title="Piezas 
programadas por 
color" icon={Palette} 
/>
      |               
           
^^^^^^^^^^^ This 
component is created 
during render
  155 |               
          <div 
className="bg-white 
rounded-xl 
overflow-hidden 
shadow-sm border 
border-gray-200">
  156 |               
              <table 
className="w-full 
text-left text-sm">
  157 |               
                  
<thead className="bg-[
#00a3e0] text-white 
uppercase text-[10px] 
font-black 
tracking-widest">

C:\Users\analista2.des
arrollo\Desktop\contro
l_de_piso\components\d
ashboard\DetailedChart
s.tsx:31:25
  29 |     }
  30 |
> 31 |     const 
TableHeader = ({ 
title, icon: Icon }: 
{ title: string, 
icon: any }) => (
     |                
         ^^^^^^^^^^^^^
^^^^^^^^^^^^^^^^^^^^^^
^^^^^^^^^^^^^^^^^^^^^^
^
> 32 |         <div 
className="flex 
items-center gap-2 
mb-4">
     | ^^^^^^^^^^^^^^^
^^^^^^^^^^^^^^^^^^^^^^
^^^^^^^^^^^^^^^^^
> 33 |             
<h3 className="text-[#
00a3e0] text-sm 
font-bold uppercase tr
acking-widest">{title}
</h3>
     | ^^^^^^^^^^^^^^^
^^^^^^^^^^^^^^^^^^^^^^
^^^^^^^^^^^^^^^^^
> 34 |             
<Icon size={16} classN
ame="text-[#00a3e0]" 
/>
     | ^^^^^^^^^^^^^^^
^^^^^^^^^^^^^^^^^^^^^^
^^^^^^^^^^^^^^^^^
> 35 |         </div>
     | ^^^^^^^^^^^^^^^
^^^^^^^^^^^^^^^^^^^^^^
^^^^^^^^^^^^^^^^^
> 36 |     )
     | ^^^^^^ The 
component is created 
during render here
  37 |
  38 |     // Map 
Pintura Colors from 
the data
  39 |     const 
colorsList = [  react-
hooks/static-component
s

./components/dashboard
/OrderCard.tsx
11:11  Warning: 
'mainStats' is 
assigned a value but 
never used.  @typescri
pt-eslint/no-unused-va
rs

./components/dashboard
/ProductionCharts.tsx
19:22  Error: 
Unexpected any. 
Specify a different 
type.  @typescript-esl
int/no-explicit-any

./components/digitado/
DigitadoList.tsx
22:8  Warning: React 
Hook React.useEffect 
has a missing 
dependency: 
'loadRegistros'. 
Either include it or 
remove the dependency 
array.  react-hooks/ex
haustive-deps

./components/digitado/
DigitadoModule.tsx
6:35  Warning: 
'Keyboard' is defined 
but never used.  @type
script-eslint/no-unuse
d-vars
6:70  Warning: 'Zap' 
is defined but never 
used.  @typescript-esl
int/no-unused-vars
6:81  Warning: 
'ClipboardList' is 
defined but never 
used.  @typescript-esl
int/no-unused-vars
6:96  Warning: 
'TrendingUp' is 
defined but never 
used.  @typescript-esl
int/no-unused-vars
6:108  Warning: 
'Boxes' is defined 
but never used.  @type
script-eslint/no-unuse
d-vars
6:115  Warning: 
'Truck' is defined 
but never used.  @type
script-eslint/no-unuse
d-vars
6:122  Warning: 
'Warehouse' is 
defined but never 
used.  @typescript-esl
int/no-unused-vars
6:133  Warning: 
'Weight' is defined 
but never used.  @type
script-eslint/no-unuse
d-vars
6:141  Warning: 
'Calculator' is 
defined but never 
used.  @typescript-esl
int/no-unused-vars

./components/parametro
s/ParametrosModule.tsx
8:5  Warning: 
'Eraser' is defined 
but never used.  @type
script-eslint/no-unuse
d-vars
16:5  Warning: 
'AlertCircle' is 
defined but never 
used.  @typescript-esl
int/no-unused-vars

./components/pintura/H
istorySection.tsx
6:24  Warning: 
'Clock' is defined 
but never used.  @type
script-eslint/no-unuse
d-vars
6:54  Warning: 'Info' 
is defined but never 
used.  @typescript-esl
int/no-unused-vars

./components/pintura/O
rdenCard.tsx
3:10  Warning: 'Box' 
is defined but never 
used.  @typescript-esl
int/no-unused-vars
58:18  Error: Error: 
Cannot create 
components during 
render

Components created 
during render will 
reset their state 
each time they are 
created. Declare 
components outside of 
render.

C:\Users\analista2.des
arrollo\Desktop\contro
l_de_piso\components\p
intura\OrdenCard.tsx:5
8:18
  56 |             
{/* Right Section: 
Process Grid */}
  57 |             
<div 
className="flex-1 
pl-3 grid grid-cols-8 
gap-1">
> 58 |                
 <MiniMetric 
label="Cantidad" 
value={orden.cantidad 
|| orden.cantidad_prog
ramada} 
color="bg-cyan-50 
border-cyan-200" />
     |                
  ^^^^^^^^^^ This 
component is created 
during render
  59 |                
 <MiniMetric 
label="Pintura" 
value={0} />
  60 |                
 <MiniMetric 
label="Desgelcada" 
value={0} />
  61 |                
 <MiniMetric 
label="Pulido" 
value={0} />

C:\Users\analista2.des
arrollo\Desktop\contro
l_de_piso\components\p
intura\OrdenCard.tsx:1
3:24
  11 | export default 
function OrdenCard({ 
orden, isActive, 
onClick }: 
OrdenCardProps) {
  12 |     // Helper 
to render a small 
metric box within the 
card
> 13 |     const 
MiniMetric = ({ 
label, value, color 
}: { label: string, 
value: number, 
color?: string }) => (
     |                
        ^^^^^^^^^^^^^^
^^^^^^^^^^^^^^^^^^^^^^
^^^^^^^^^^^^^^^^^^^^^^
^^^^^^^^^^^^^^^^^^^^^^
> 14 |         <div 
className={`flex 
flex-col items-center 
justify-center p-1 
border rounded 
min-w-[70px] ${color 
|| 
'border-gray-200'}`}>
     | ^^^^^^^^^^^^^^^
^^^^^^^^^^^^^^^^^^^^^^
^^^^^^^^^^^^^^^^^^^^^^
^^^^^^^^^^^^^^^^^^^^^^
^^^^^^^^^^^^^^^^^^^^^^
^^^^^^^^^^^^^^^^^^^^^^
^^^^^^
> 15 |             
<span className="text-
[10px] font-bold 
text-gray-900 uppercas
e">{label}</span>
     | ^^^^^^^^^^^^^^^
^^^^^^^^^^^^^^^^^^^^^^
^^^^^^^^^^^^^^^^^^^^^^
^^^^^^^^^^^^^^^^^^^^^^
^^^^^^^^^^^^^^^^^^^^^^
^^^^^^^^^^^^^^^^^^^^^^
^^^^^^
> 16 |             
<span 
className="text-sm 
font-bold text-gray-90
0">{value}</span>
     | ^^^^^^^^^^^^^^^
^^^^^^^^^^^^^^^^^^^^^^
^^^^^^^^^^^^^^^^^^^^^^
^^^^^^^^^^^^^^^^^^^^^^
^^^^^^^^^^^^^^^^^^^^^^
^^^^^^^^^^^^^^^^^^^^^^
^^^^^^
> 17 |         </div>
     | ^^^^^^^^^^^^^^^
^^^^^^^^^^^^^^^^^^^^^^
^^^^^^^^^^^^^^^^^^^^^^
^^^^^^^^^^^^^^^^^^^^^^
^^^^^^^^^^^^^^^^^^^^^^
^^^^^^^^^^^^^^^^^^^^^^
^^^^^^
> 18 |     )
     | ^^^^^^ The 
component is created 
during render here
  19 |
  20 |     return (
  21 |         
<button  react-hooks/s
tatic-components
59:18  Error: Error: 
Cannot create 
components during 
render

Components created 
during render will 
reset their state 
each time they are 
created. Declare 
components outside of 
render.

C:\Users\analista2.des
arrollo\Desktop\contro
l_de_piso\components\p
intura\OrdenCard.tsx:5
9:18
  57 |             
<div 
className="flex-1 
pl-3 grid grid-cols-8 
gap-1">
  58 |                
 <MiniMetric 
label="Cantidad" 
value={orden.cantidad 
|| orden.cantidad_prog
ramada} 
color="bg-cyan-50 
border-cyan-200" />
> 59 |                
 <MiniMetric 
label="Pintura" 
value={0} />
     |                
  ^^^^^^^^^^ This 
component is created 
during render
  60 |                
 <MiniMetric 
label="Desgelcada" 
value={0} />
  61 |                
 <MiniMetric 
label="Pulido" 
value={0} />
  62 |                
 <MiniMetric 
label="Reparaci├│n" 
value={0} />

C:\Users\analista2.des
arrollo\Desktop\contro
l_de_piso\components\p
intura\OrdenCard.tsx:1
3:24
  11 | export default 
function OrdenCard({ 
orden, isActive, 
onClick }: 
OrdenCardProps) {
  12 |     // Helper 
to render a small 
metric box within the 
card
> 13 |     const 
MiniMetric = ({ 
label, value, color 
}: { label: string, 
value: number, 
color?: string }) => (
     |                
        ^^^^^^^^^^^^^^
^^^^^^^^^^^^^^^^^^^^^^
^^^^^^^^^^^^^^^^^^^^^^
^^^^^^^^^^^^^^^^^^^^^^
> 14 |         <div 
className={`flex 
flex-col items-center 
justify-center p-1 
border rounded 
min-w-[70px] ${color 
|| 
'border-gray-200'}`}>
     | ^^^^^^^^^^^^^^^
^^^^^^^^^^^^^^^^^^^^^^
^^^^^^^^^^^^^^^^^^^^^^
^^^^^^^^^^^^^^^^^^^^^^
^^^^^^^^^^^^^^^^^^^^^^
^^^^^^^^^^^^^^^^^^^^^^
^^^^^^
> 15 |             
<span className="text-
[10px] font-bold 
text-gray-900 uppercas
e">{label}</span>
     | ^^^^^^^^^^^^^^^
^^^^^^^^^^^^^^^^^^^^^^
^^^^^^^^^^^^^^^^^^^^^^
^^^^^^^^^^^^^^^^^^^^^^
^^^^^^^^^^^^^^^^^^^^^^
^^^^^^^^^^^^^^^^^^^^^^
^^^^^^
> 16 |             
<span 
className="text-sm 
font-bold text-gray-90
0">{value}</span>
     | ^^^^^^^^^^^^^^^
^^^^^^^^^^^^^^^^^^^^^^
^^^^^^^^^^^^^^^^^^^^^^
^^^^^^^^^^^^^^^^^^^^^^
^^^^^^^^^^^^^^^^^^^^^^
^^^^^^^^^^^^^^^^^^^^^^
^^^^^^
> 17 |         </div>
     | ^^^^^^^^^^^^^^^
^^^^^^^^^^^^^^^^^^^^^^
^^^^^^^^^^^^^^^^^^^^^^
^^^^^^^^^^^^^^^^^^^^^^
^^^^^^^^^^^^^^^^^^^^^^
^^^^^^^^^^^^^^^^^^^^^^
^^^^^^
> 18 |     )
     | ^^^^^^ The 
component is created 
during render here
  19 |
  20 |     return (
  21 |         
<button  react-hooks/s
tatic-components
60:18  Error: Error: 
Cannot create 
components during 
render

Components created 
during render will 
reset their state 
each time they are 
created. Declare 
components outside of 
render.

C:\Users\analista2.des
arrollo\Desktop\contro
l_de_piso\components\p
intura\OrdenCard.tsx:6
0:18
  58 |                
 <MiniMetric 
label="Cantidad" 
value={orden.cantidad 
|| orden.cantidad_prog
ramada} 
color="bg-cyan-50 
border-cyan-200" />
  59 |                
 <MiniMetric 
label="Pintura" 
value={0} />
> 60 |                
 <MiniMetric 
label="Desgelcada" 
value={0} />
     |                
  ^^^^^^^^^^ This 
component is created 
during render
  61 |                
 <MiniMetric 
label="Pulido" 
value={0} />
  62 |                
 <MiniMetric 
label="Reparaci├│n" 
value={0} />
  63 |                
 <MiniMetric 
label="Saldo" 
value={0} />

C:\Users\analista2.des
arrollo\Desktop\contro
l_de_piso\components\p
intura\OrdenCard.tsx:1
3:24
  11 | export default 
function OrdenCard({ 
orden, isActive, 
onClick }: 
OrdenCardProps) {
  12 |     // Helper 
to render a small 
metric box within the 
card
> 13 |     const 
MiniMetric = ({ 
label, value, color 
}: { label: string, 
value: number, 
color?: string }) => (
     |                
        ^^^^^^^^^^^^^^
^^^^^^^^^^^^^^^^^^^^^^
^^^^^^^^^^^^^^^^^^^^^^
^^^^^^^^^^^^^^^^^^^^^^
> 14 |         <div 
className={`flex 
flex-col items-center 
justify-center p-1 
border rounded 
min-w-[70px] ${color 
|| 
'border-gray-200'}`}>
     | ^^^^^^^^^^^^^^^
^^^^^^^^^^^^^^^^^^^^^^
^^^^^^^^^^^^^^^^^^^^^^
^^^^^^^^^^^^^^^^^^^^^^
^^^^^^^^^^^^^^^^^^^^^^
^^^^^^^^^^^^^^^^^^^^^^
^^^^^^
> 15 |             
<span className="text-
[10px] font-bold 
text-gray-900 uppercas
e">{label}</span>
     | ^^^^^^^^^^^^^^^
^^^^^^^^^^^^^^^^^^^^^^
^^^^^^^^^^^^^^^^^^^^^^
^^^^^^^^^^^^^^^^^^^^^^
^^^^^^^^^^^^^^^^^^^^^^
^^^^^^^^^^^^^^^^^^^^^^
^^^^^^
> 16 |             
<span 
className="text-sm 
font-bold text-gray-90
0">{value}</span>
     | ^^^^^^^^^^^^^^^
^^^^^^^^^^^^^^^^^^^^^^
^^^^^^^^^^^^^^^^^^^^^^
^^^^^^^^^^^^^^^^^^^^^^
^^^^^^^^^^^^^^^^^^^^^^
^^^^^^^^^^^^^^^^^^^^^^
^^^^^^
> 17 |         </div>
     | ^^^^^^^^^^^^^^^
^^^^^^^^^^^^^^^^^^^^^^
^^^^^^^^^^^^^^^^^^^^^^
^^^^^^^^^^^^^^^^^^^^^^
^^^^^^^^^^^^^^^^^^^^^^
^^^^^^^^^^^^^^^^^^^^^^
^^^^^^
> 18 |     )
     | ^^^^^^ The 
component is created 
during render here
  19 |
  20 |     return (
  21 |         
<button  react-hooks/s
tatic-components
61:18  Error: Error: 
Cannot create 
components during 
render

Components created 
during render will 
reset their state 
each time they are 
created. Declare 
components outside of 
render.

C:\Users\analista2.des
arrollo\Desktop\contro
l_de_piso\components\p
intura\OrdenCard.tsx:6
1:18
  59 |                
 <MiniMetric 
label="Pintura" 
value={0} />
  60 |                
 <MiniMetric 
label="Desgelcada" 
value={0} />
> 61 |                
 <MiniMetric 
label="Pulido" 
value={0} />
     |                
  ^^^^^^^^^^ This 
component is created 
during render
  62 |                
 <MiniMetric 
label="Reparaci├│n" 
value={0} />
  63 |                
 <MiniMetric 
label="Saldo" 
value={0} />
  64 |                
 <MiniMetric 
label="Empaque" 
value={0} />

C:\Users\analista2.des
arrollo\Desktop\contro
l_de_piso\components\p
intura\OrdenCard.tsx:1
3:24
  11 | export default 
function OrdenCard({ 
orden, isActive, 
onClick }: 
OrdenCardProps) {
  12 |     // Helper 
to render a small 
metric box within the 
card
> 13 |     const 
MiniMetric = ({ 
label, value, color 
}: { label: string, 
value: number, 
color?: string }) => (
     |                
        ^^^^^^^^^^^^^^
^^^^^^^^^^^^^^^^^^^^^^
^^^^^^^^^^^^^^^^^^^^^^
^^^^^^^^^^^^^^^^^^^^^^
> 14 |         <div 
className={`flex 
flex-col items-center 
justify-center p-1 
border rounded 
min-w-[70px] ${color 
|| 
'border-gray-200'}`}>
     | ^^^^^^^^^^^^^^^
^^^^^^^^^^^^^^^^^^^^^^
^^^^^^^^^^^^^^^^^^^^^^
^^^^^^^^^^^^^^^^^^^^^^
^^^^^^^^^^^^^^^^^^^^^^
^^^^^^^^^^^^^^^^^^^^^^
^^^^^^
> 15 |             
<span className="text-
[10px] font-bold 
text-gray-900 uppercas
e">{label}</span>
     | ^^^^^^^^^^^^^^^
^^^^^^^^^^^^^^^^^^^^^^
^^^^^^^^^^^^^^^^^^^^^^
^^^^^^^^^^^^^^^^^^^^^^
^^^^^^^^^^^^^^^^^^^^^^
^^^^^^^^^^^^^^^^^^^^^^
^^^^^^
> 16 |             
<span 
className="text-sm 
font-bold text-gray-90
0">{value}</span>
     | ^^^^^^^^^^^^^^^
^^^^^^^^^^^^^^^^^^^^^^
^^^^^^^^^^^^^^^^^^^^^^
^^^^^^^^^^^^^^^^^^^^^^
^^^^^^^^^^^^^^^^^^^^^^
^^^^^^^^^^^^^^^^^^^^^^
^^^^^^
> 17 |         </div>
     | ^^^^^^^^^^^^^^^
^^^^^^^^^^^^^^^^^^^^^^
^^^^^^^^^^^^^^^^^^^^^^
^^^^^^^^^^^^^^^^^^^^^^
^^^^^^^^^^^^^^^^^^^^^^
^^^^^^^^^^^^^^^^^^^^^^
^^^^^^
> 18 |     )
     | ^^^^^^ The 
component is created 
during render here
  19 |
  20 |     return (
  21 |         
<button  react-hooks/s
tatic-components
62:18  Error: Error: 
Cannot create 
components during 
render

Components created 
during render will 
reset their state 
each time they are 
created. Declare 
components outside of 
render.

C:\Users\analista2.des
arrollo\Desktop\contro
l_de_piso\components\p
intura\OrdenCard.tsx:6
2:18
  60 |                
 <MiniMetric 
label="Desgelcada" 
value={0} />
  61 |                
 <MiniMetric 
label="Pulido" 
value={0} />
> 62 |                
 <MiniMetric 
label="Reparaci├│n" 
value={0} />
     |                
  ^^^^^^^^^^ This 
component is created 
during render
  63 |                
 <MiniMetric 
label="Saldo" 
value={0} />
  64 |                
 <MiniMetric 
label="Empaque" 
value={0} />
  65 |                
 <MiniMetric 
label="Transito" 
value={0} />

C:\Users\analista2.des
arrollo\Desktop\contro
l_de_piso\components\p
intura\OrdenCard.tsx:1
3:24
  11 | export default 
function OrdenCard({ 
orden, isActive, 
onClick }: 
OrdenCardProps) {
  12 |     // Helper 
to render a small 
metric box within the 
card
> 13 |     const 
MiniMetric = ({ 
label, value, color 
}: { label: string, 
value: number, 
color?: string }) => (
     |                
        ^^^^^^^^^^^^^^
^^^^^^^^^^^^^^^^^^^^^^
^^^^^^^^^^^^^^^^^^^^^^
^^^^^^^^^^^^^^^^^^^^^^
> 14 |         <div 
className={`flex 
flex-col items-center 
justify-center p-1 
border rounded 
min-w-[70px] ${color 
|| 
'border-gray-200'}`}>
     | ^^^^^^^^^^^^^^^
^^^^^^^^^^^^^^^^^^^^^^
^^^^^^^^^^^^^^^^^^^^^^
^^^^^^^^^^^^^^^^^^^^^^
^^^^^^^^^^^^^^^^^^^^^^
^^^^^^^^^^^^^^^^^^^^^^
^^^^^^
> 15 |             
<span className="text-
[10px] font-bold 
text-gray-900 uppercas
e">{label}</span>
     | ^^^^^^^^^^^^^^^
^^^^^^^^^^^^^^^^^^^^^^
^^^^^^^^^^^^^^^^^^^^^^
^^^^^^^^^^^^^^^^^^^^^^
^^^^^^^^^^^^^^^^^^^^^^
^^^^^^^^^^^^^^^^^^^^^^
^^^^^^
> 16 |             
<span 
className="text-sm 
font-bold text-gray-90
0">{value}</span>
     | ^^^^^^^^^^^^^^^
^^^^^^^^^^^^^^^^^^^^^^
^^^^^^^^^^^^^^^^^^^^^^
^^^^^^^^^^^^^^^^^^^^^^
^^^^^^^^^^^^^^^^^^^^^^
^^^^^^^^^^^^^^^^^^^^^^
^^^^^^
> 17 |         </div>
     | ^^^^^^^^^^^^^^^
^^^^^^^^^^^^^^^^^^^^^^
^^^^^^^^^^^^^^^^^^^^^^
^^^^^^^^^^^^^^^^^^^^^^
^^^^^^^^^^^^^^^^^^^^^^
^^^^^^^^^^^^^^^^^^^^^^
^^^^^^
> 18 |     )
     | ^^^^^^ The 
component is created 
during render here
  19 |
  20 |     return (
  21 |         
<button  react-hooks/s
tatic-components
63:18  Error: Error: 
Cannot create 
components during 
render

Components created 
during render will 
reset their state 
each time they are 
created. Declare 
components outside of 
render.

C:\Users\analista2.des
arrollo\Desktop\contro
l_de_piso\components\p
intura\OrdenCard.tsx:6
3:18
  61 |                
 <MiniMetric 
label="Pulido" 
value={0} />
  62 |                
 <MiniMetric 
label="Reparaci├│n" 
value={0} />
> 63 |                
 <MiniMetric 
label="Saldo" 
value={0} />
     |                
  ^^^^^^^^^^ This 
component is created 
during render
  64 |                
 <MiniMetric 
label="Empaque" 
value={0} />
  65 |                
 <MiniMetric 
label="Transito" 
value={0} />
  66 |

C:\Users\analista2.des
arrollo\Desktop\contro
l_de_piso\components\p
intura\OrdenCard.tsx:1
3:24
  11 | export default 
function OrdenCard({ 
orden, isActive, 
onClick }: 
OrdenCardProps) {
  12 |     // Helper 
to render a small 
metric box within the 
card
> 13 |     const 
MiniMetric = ({ 
label, value, color 
}: { label: string, 
value: number, 
color?: string }) => (
     |                
        ^^^^^^^^^^^^^^
^^^^^^^^^^^^^^^^^^^^^^
^^^^^^^^^^^^^^^^^^^^^^
^^^^^^^^^^^^^^^^^^^^^^
> 14 |         <div 
className={`flex 
flex-col items-center 
justify-center p-1 
border rounded 
min-w-[70px] ${color 
|| 
'border-gray-200'}`}>
     | ^^^^^^^^^^^^^^^
^^^^^^^^^^^^^^^^^^^^^^
^^^^^^^^^^^^^^^^^^^^^^
^^^^^^^^^^^^^^^^^^^^^^
^^^^^^^^^^^^^^^^^^^^^^
^^^^^^^^^^^^^^^^^^^^^^
^^^^^^
> 15 |             
<span className="text-
[10px] font-bold 
text-gray-900 uppercas
e">{label}</span>
     | ^^^^^^^^^^^^^^^
^^^^^^^^^^^^^^^^^^^^^^
^^^^^^^^^^^^^^^^^^^^^^
^^^^^^^^^^^^^^^^^^^^^^
^^^^^^^^^^^^^^^^^^^^^^
^^^^^^^^^^^^^^^^^^^^^^
^^^^^^
> 16 |             
<span 
className="text-sm 
font-bold text-gray-90
0">{value}</span>
     | ^^^^^^^^^^^^^^^
^^^^^^^^^^^^^^^^^^^^^^
^^^^^^^^^^^^^^^^^^^^^^
^^^^^^^^^^^^^^^^^^^^^^
^^^^^^^^^^^^^^^^^^^^^^
^^^^^^^^^^^^^^^^^^^^^^
^^^^^^
> 17 |         </div>
     | ^^^^^^^^^^^^^^^
^^^^^^^^^^^^^^^^^^^^^^
^^^^^^^^^^^^^^^^^^^^^^
^^^^^^^^^^^^^^^^^^^^^^
^^^^^^^^^^^^^^^^^^^^^^
^^^^^^^^^^^^^^^^^^^^^^
^^^^^^
> 18 |     )
     | ^^^^^^ The 
component is created 
during render here
  19 |
  20 |     return (
  21 |         
<button  react-hooks/s
tatic-components
64:18  Error: Error: 
Cannot create 
components during 
render

Components created 
during render will 
reset their state 
each time they are 
created. Declare 
components outside of 
render.

C:\Users\analista2.des
arrollo\Desktop\contro
l_de_piso\components\p
intura\OrdenCard.tsx:6
4:18
  62 |                
 <MiniMetric 
label="Reparaci├│n" 
value={0} />
  63 |                
 <MiniMetric 
label="Saldo" 
value={0} />
> 64 |                
 <MiniMetric 
label="Empaque" 
value={0} />
     |                
  ^^^^^^^^^^ This 
component is created 
during render
  65 |                
 <MiniMetric 
label="Transito" 
value={0} />
  66 |
  67 |                
 <MiniMetric 
label="Programado" val
ue={orden.programado 
|| 0} 
color="bg-orange-50 
border-orange-200" />

C:\Users\analista2.des
arrollo\Desktop\contro
l_de_piso\components\p
intura\OrdenCard.tsx:1
3:24
  11 | export default 
function OrdenCard({ 
orden, isActive, 
onClick }: 
OrdenCardProps) {
  12 |     // Helper 
to render a small 
metric box within the 
card
> 13 |     const 
MiniMetric = ({ 
label, value, color 
}: { label: string, 
value: number, 
color?: string }) => (
     |                
        ^^^^^^^^^^^^^^
^^^^^^^^^^^^^^^^^^^^^^
^^^^^^^^^^^^^^^^^^^^^^
^^^^^^^^^^^^^^^^^^^^^^
> 14 |         <div 
className={`flex 
flex-col items-center 
justify-center p-1 
border rounded 
min-w-[70px] ${color 
|| 
'border-gray-200'}`}>
     | ^^^^^^^^^^^^^^^
^^^^^^^^^^^^^^^^^^^^^^
^^^^^^^^^^^^^^^^^^^^^^
^^^^^^^^^^^^^^^^^^^^^^
^^^^^^^^^^^^^^^^^^^^^^
^^^^^^^^^^^^^^^^^^^^^^
^^^^^^
> 15 |             
<span className="text-
[10px] font-bold 
text-gray-900 uppercas
e">{label}</span>
     | ^^^^^^^^^^^^^^^
^^^^^^^^^^^^^^^^^^^^^^
^^^^^^^^^^^^^^^^^^^^^^
^^^^^^^^^^^^^^^^^^^^^^
^^^^^^^^^^^^^^^^^^^^^^
^^^^^^^^^^^^^^^^^^^^^^
^^^^^^
> 16 |             
<span 
className="text-sm 
font-bold text-gray-90
0">{value}</span>
     | ^^^^^^^^^^^^^^^
^^^^^^^^^^^^^^^^^^^^^^
^^^^^^^^^^^^^^^^^^^^^^
^^^^^^^^^^^^^^^^^^^^^^
^^^^^^^^^^^^^^^^^^^^^^
^^^^^^^^^^^^^^^^^^^^^^
^^^^^^
> 17 |         </div>
     | ^^^^^^^^^^^^^^^
^^^^^^^^^^^^^^^^^^^^^^
^^^^^^^^^^^^^^^^^^^^^^
^^^^^^^^^^^^^^^^^^^^^^
^^^^^^^^^^^^^^^^^^^^^^
^^^^^^^^^^^^^^^^^^^^^^
^^^^^^
> 18 |     )
     | ^^^^^^ The 
component is created 
during render here
  19 |
  20 |     return (
  21 |         
<button  react-hooks/s
tatic-components
65:18  Error: Error: 
Cannot create 
components during 
render

Components created 
during render will 
reset their state 
each time they are 
created. Declare 
components outside of 
render.

C:\Users\analista2.des
arrollo\Desktop\contro
l_de_piso\components\p
intura\OrdenCard.tsx:6
5:18
  63 |                
 <MiniMetric 
label="Saldo" 
value={0} />
  64 |                
 <MiniMetric 
label="Empaque" 
value={0} />
> 65 |                
 <MiniMetric 
label="Transito" 
value={0} />
     |                
  ^^^^^^^^^^ This 
component is created 
during render
  66 |
  67 |                
 <MiniMetric 
label="Programado" val
ue={orden.programado 
|| 0} 
color="bg-orange-50 
border-orange-200" />
  68 |                
 <MiniMetric 
label="Vaciado" 
value={0} />

C:\Users\analista2.des
arrollo\Desktop\contro
l_de_piso\components\p
intura\OrdenCard.tsx:1
3:24
  11 | export default 
function OrdenCard({ 
orden, isActive, 
onClick }: 
OrdenCardProps) {
  12 |     // Helper 
to render a small 
metric box within the 
card
> 13 |     const 
MiniMetric = ({ 
label, value, color 
}: { label: string, 
value: number, 
color?: string }) => (
     |                
        ^^^^^^^^^^^^^^
^^^^^^^^^^^^^^^^^^^^^^
^^^^^^^^^^^^^^^^^^^^^^
^^^^^^^^^^^^^^^^^^^^^^
> 14 |         <div 
className={`flex 
flex-col items-center 
justify-center p-1 
border rounded 
min-w-[70px] ${color 
|| 
'border-gray-200'}`}>
     | ^^^^^^^^^^^^^^^
^^^^^^^^^^^^^^^^^^^^^^
^^^^^^^^^^^^^^^^^^^^^^
^^^^^^^^^^^^^^^^^^^^^^
^^^^^^^^^^^^^^^^^^^^^^
^^^^^^^^^^^^^^^^^^^^^^
^^^^^^
> 15 |             
<span className="text-
[10px] font-bold 
text-gray-900 uppercas
e">{label}</span>
     | ^^^^^^^^^^^^^^^
^^^^^^^^^^^^^^^^^^^^^^
^^^^^^^^^^^^^^^^^^^^^^
^^^^^^^^^^^^^^^^^^^^^^
^^^^^^^^^^^^^^^^^^^^^^
^^^^^^^^^^^^^^^^^^^^^^
^^^^^^
> 16 |             
<span 
className="text-sm 
font-bold text-gray-90
0">{value}</span>
     | ^^^^^^^^^^^^^^^
^^^^^^^^^^^^^^^^^^^^^^
^^^^^^^^^^^^^^^^^^^^^^
^^^^^^^^^^^^^^^^^^^^^^
^^^^^^^^^^^^^^^^^^^^^^
^^^^^^^^^^^^^^^^^^^^^^
^^^^^^
> 17 |         </div>
     | ^^^^^^^^^^^^^^^
^^^^^^^^^^^^^^^^^^^^^^
^^^^^^^^^^^^^^^^^^^^^^
^^^^^^^^^^^^^^^^^^^^^^
^^^^^^^^^^^^^^^^^^^^^^
^^^^^^^^^^^^^^^^^^^^^^
^^^^^^
> 18 |     )
     | ^^^^^^ The 
component is created 
during render here
  19 |
  20 |     return (
  21 |         
<button  react-hooks/s
tatic-components
67:18  Error: Error: 
Cannot create 
components during 
render

Components created 
during render will 
reset their state 
each time they are 
created. Declare 
components outside of 
render.

C:\Users\analista2.des
arrollo\Desktop\contro
l_de_piso\components\p
intura\OrdenCard.tsx:6
7:18
  65 |                
 <MiniMetric 
label="Transito" 
value={0} />
  66 |
> 67 |                
 <MiniMetric 
label="Programado" val
ue={orden.programado 
|| 0} 
color="bg-orange-50 
border-orange-200" />
     |                
  ^^^^^^^^^^ This 
component is created 
during render
  68 |                
 <MiniMetric 
label="Vaciado" 
value={0} />
  69 |                
 <MiniMetric 
label="Estanteria" 
value={0} />
  70 |                
 <MiniMetric 
label="Acabado" 
value={0} />

C:\Users\analista2.des
arrollo\Desktop\contro
l_de_piso\components\p
intura\OrdenCard.tsx:1
3:24
  11 | export default 
function OrdenCard({ 
orden, isActive, 
onClick }: 
OrdenCardProps) {
  12 |     // Helper 
to render a small 
metric box within the 
card
> 13 |     const 
MiniMetric = ({ 
label, value, color 
}: { label: string, 
value: number, 
color?: string }) => (
     |                
        ^^^^^^^^^^^^^^
^^^^^^^^^^^^^^^^^^^^^^
^^^^^^^^^^^^^^^^^^^^^^
^^^^^^^^^^^^^^^^^^^^^^
> 14 |         <div 
className={`flex 
flex-col items-center 
justify-center p-1 
border rounded 
min-w-[70px] ${color 
|| 
'border-gray-200'}`}>
     | ^^^^^^^^^^^^^^^
^^^^^^^^^^^^^^^^^^^^^^
^^^^^^^^^^^^^^^^^^^^^^
^^^^^^^^^^^^^^^^^^^^^^
^^^^^^^^^^^^^^^^^^^^^^
^^^^^^^^^^^^^^^^^^^^^^
^^^^^^
> 15 |             
<span className="text-
[10px] font-bold 
text-gray-900 uppercas
e">{label}</span>
     | ^^^^^^^^^^^^^^^
^^^^^^^^^^^^^^^^^^^^^^
^^^^^^^^^^^^^^^^^^^^^^
^^^^^^^^^^^^^^^^^^^^^^
^^^^^^^^^^^^^^^^^^^^^^
^^^^^^^^^^^^^^^^^^^^^^
^^^^^^
> 16 |             
<span 
className="text-sm 
font-bold text-gray-90
0">{value}</span>
     | ^^^^^^^^^^^^^^^
^^^^^^^^^^^^^^^^^^^^^^
^^^^^^^^^^^^^^^^^^^^^^
^^^^^^^^^^^^^^^^^^^^^^
^^^^^^^^^^^^^^^^^^^^^^
^^^^^^^^^^^^^^^^^^^^^^
^^^^^^
> 17 |         </div>
     | ^^^^^^^^^^^^^^^
^^^^^^^^^^^^^^^^^^^^^^
^^^^^^^^^^^^^^^^^^^^^^
^^^^^^^^^^^^^^^^^^^^^^
^^^^^^^^^^^^^^^^^^^^^^
^^^^^^^^^^^^^^^^^^^^^^
^^^^^^
> 18 |     )
     | ^^^^^^ The 
component is created 
during render here
  19 |
  20 |     return (
  21 |         
<button  react-hooks/s
tatic-components
68:18  Error: Error: 
Cannot create 
components during 
render

Components created 
during render will 
reset their state 
each time they are 
created. Declare 
components outside of 
render.

C:\Users\analista2.des
arrollo\Desktop\contro
l_de_piso\components\p
intura\OrdenCard.tsx:6
8:18
  66 |
  67 |                
 <MiniMetric 
label="Programado" val
ue={orden.programado 
|| 0} 
color="bg-orange-50 
border-orange-200" />
> 68 |                
 <MiniMetric 
label="Vaciado" 
value={0} />
     |                
  ^^^^^^^^^^ This 
component is created 
during render
  69 |                
 <MiniMetric 
label="Estanteria" 
value={0} />
  70 |                
 <MiniMetric 
label="Acabado" 
value={0} />
  71 |                
 <MiniMetric 
label="Rep. Larga" 
value={0} />

C:\Users\analista2.des
arrollo\Desktop\contro
l_de_piso\components\p
intura\OrdenCard.tsx:1
3:24
  11 | export default 
function OrdenCard({ 
orden, isActive, 
onClick }: 
OrdenCardProps) {
  12 |     // Helper 
to render a small 
metric box within the 
card
> 13 |     const 
MiniMetric = ({ 
label, value, color 
}: { label: string, 
value: number, 
color?: string }) => (
     |                
        ^^^^^^^^^^^^^^
^^^^^^^^^^^^^^^^^^^^^^
^^^^^^^^^^^^^^^^^^^^^^
^^^^^^^^^^^^^^^^^^^^^^
> 14 |         <div 
className={`flex 
flex-col items-center 
justify-center p-1 
border rounded 
min-w-[70px] ${color 
|| 
'border-gray-200'}`}>
     | ^^^^^^^^^^^^^^^
^^^^^^^^^^^^^^^^^^^^^^
^^^^^^^^^^^^^^^^^^^^^^
^^^^^^^^^^^^^^^^^^^^^^
^^^^^^^^^^^^^^^^^^^^^^
^^^^^^^^^^^^^^^^^^^^^^
^^^^^^
> 15 |             
<span className="text-
[10px] font-bold 
text-gray-900 uppercas
e">{label}</span>
     | ^^^^^^^^^^^^^^^
^^^^^^^^^^^^^^^^^^^^^^
^^^^^^^^^^^^^^^^^^^^^^
^^^^^^^^^^^^^^^^^^^^^^
^^^^^^^^^^^^^^^^^^^^^^
^^^^^^^^^^^^^^^^^^^^^^
^^^^^^
> 16 |             
<span 
className="text-sm 
font-bold text-gray-90
0">{value}</span>
     | ^^^^^^^^^^^^^^^
^^^^^^^^^^^^^^^^^^^^^^
^^^^^^^^^^^^^^^^^^^^^^
^^^^^^^^^^^^^^^^^^^^^^
^^^^^^^^^^^^^^^^^^^^^^
^^^^^^^^^^^^^^^^^^^^^^
^^^^^^
> 17 |         </div>
     | ^^^^^^^^^^^^^^^
^^^^^^^^^^^^^^^^^^^^^^
^^^^^^^^^^^^^^^^^^^^^^
^^^^^^^^^^^^^^^^^^^^^^
^^^^^^^^^^^^^^^^^^^^^^
^^^^^^^^^^^^^^^^^^^^^^
^^^^^^
> 18 |     )
     | ^^^^^^ The 
component is created 
during render here
  19 |
  20 |     return (
  21 |         
<button  react-hooks/s
tatic-components
69:18  Error: Error: 
Cannot create 
components during 
render

Components created 
during render will 
reset their state 
each time they are 
created. Declare 
components outside of 
render.

C:\Users\analista2.des
arrollo\Desktop\contro
l_de_piso\components\p
intura\OrdenCard.tsx:6
9:18
  67 |                
 <MiniMetric 
label="Programado" val
ue={orden.programado 
|| 0} 
color="bg-orange-50 
border-orange-200" />
  68 |                
 <MiniMetric 
label="Vaciado" 
value={0} />
> 69 |                
 <MiniMetric 
label="Estanteria" 
value={0} />
     |                
  ^^^^^^^^^^ This 
component is created 
during render
  70 |                
 <MiniMetric 
label="Acabado" 
value={0} />
  71 |                
 <MiniMetric 
label="Rep. Larga" 
value={0} />
  72 |                
 <MiniMetric 
label="Destrucci├│n" 
value={0} />

C:\Users\analista2.des
arrollo\Desktop\contro
l_de_piso\components\p
intura\OrdenCard.tsx:1
3:24
  11 | export default 
function OrdenCard({ 
orden, isActive, 
onClick }: 
OrdenCardProps) {
  12 |     // Helper 
to render a small 
metric box within the 
card
> 13 |     const 
MiniMetric = ({ 
label, value, color 
}: { label: string, 
value: number, 
color?: string }) => (
     |                
        ^^^^^^^^^^^^^^
^^^^^^^^^^^^^^^^^^^^^^
^^^^^^^^^^^^^^^^^^^^^^
^^^^^^^^^^^^^^^^^^^^^^
> 14 |         <div 
className={`flex 
flex-col items-center 
justify-center p-1 
border rounded 
min-w-[70px] ${color 
|| 
'border-gray-200'}`}>
     | ^^^^^^^^^^^^^^^
^^^^^^^^^^^^^^^^^^^^^^
^^^^^^^^^^^^^^^^^^^^^^
^^^^^^^^^^^^^^^^^^^^^^
^^^^^^^^^^^^^^^^^^^^^^
^^^^^^^^^^^^^^^^^^^^^^
^^^^^^
> 15 |             
<span className="text-
[10px] font-bold 
text-gray-900 uppercas
e">{label}</span>
     | ^^^^^^^^^^^^^^^
^^^^^^^^^^^^^^^^^^^^^^
^^^^^^^^^^^^^^^^^^^^^^
^^^^^^^^^^^^^^^^^^^^^^
^^^^^^^^^^^^^^^^^^^^^^
^^^^^^^^^^^^^^^^^^^^^^
^^^^^^
> 16 |             
<span 
className="text-sm 
font-bold text-gray-90
0">{value}</span>
     | ^^^^^^^^^^^^^^^
^^^^^^^^^^^^^^^^^^^^^^
^^^^^^^^^^^^^^^^^^^^^^
^^^^^^^^^^^^^^^^^^^^^^
^^^^^^^^^^^^^^^^^^^^^^
^^^^^^^^^^^^^^^^^^^^^^
^^^^^^
> 17 |         </div>
     | ^^^^^^^^^^^^^^^
^^^^^^^^^^^^^^^^^^^^^^
^^^^^^^^^^^^^^^^^^^^^^
^^^^^^^^^^^^^^^^^^^^^^
^^^^^^^^^^^^^^^^^^^^^^
^^^^^^^^^^^^^^^^^^^^^^
^^^^^^
> 18 |     )
     | ^^^^^^ The 
component is created 
during render here
  19 |
  20 |     return (
  21 |         
<button  react-hooks/s
tatic-components
70:18  Error: Error: 
Cannot create 
components during 
render

Components created 
during render will 
reset their state 
each time they are 
created. Declare 
components outside of 
render.

C:\Users\analista2.des
arrollo\Desktop\contro
l_de_piso\components\p
intura\OrdenCard.tsx:7
0:18
  68 |                
 <MiniMetric 
label="Vaciado" 
value={0} />
  69 |                
 <MiniMetric 
label="Estanteria" 
value={0} />
> 70 |                
 <MiniMetric 
label="Acabado" 
value={0} />
     |                
  ^^^^^^^^^^ This 
component is created 
during render
  71 |                
 <MiniMetric 
label="Rep. Larga" 
value={0} />
  72 |                
 <MiniMetric 
label="Destrucci├│n" 
value={0} />
  73 |                
 <MiniMetric 
label="Digitado" 
value={0} />

C:\Users\analista2.des
arrollo\Desktop\contro
l_de_piso\components\p
intura\OrdenCard.tsx:1
3:24
  11 | export default 
function OrdenCard({ 
orden, isActive, 
onClick }: 
OrdenCardProps) {
  12 |     // Helper 
to render a small 
metric box within the 
card
> 13 |     const 
MiniMetric = ({ 
label, value, color 
}: { label: string, 
value: number, 
color?: string }) => (
     |                
        ^^^^^^^^^^^^^^
^^^^^^^^^^^^^^^^^^^^^^
^^^^^^^^^^^^^^^^^^^^^^
^^^^^^^^^^^^^^^^^^^^^^
> 14 |         <div 
className={`flex 
flex-col items-center 
justify-center p-1 
border rounded 
min-w-[70px] ${color 
|| 
'border-gray-200'}`}>
     | ^^^^^^^^^^^^^^^
^^^^^^^^^^^^^^^^^^^^^^
^^^^^^^^^^^^^^^^^^^^^^
^^^^^^^^^^^^^^^^^^^^^^
^^^^^^^^^^^^^^^^^^^^^^
^^^^^^^^^^^^^^^^^^^^^^
^^^^^^
> 15 |             
<span className="text-
[10px] font-bold 
text-gray-900 uppercas
e">{label}</span>
     | ^^^^^^^^^^^^^^^
^^^^^^^^^^^^^^^^^^^^^^
^^^^^^^^^^^^^^^^^^^^^^
^^^^^^^^^^^^^^^^^^^^^^
^^^^^^^^^^^^^^^^^^^^^^
^^^^^^^^^^^^^^^^^^^^^^
^^^^^^
> 16 |             
<span 
className="text-sm 
font-bold text-gray-90
0">{value}</span>
     | ^^^^^^^^^^^^^^^
^^^^^^^^^^^^^^^^^^^^^^
^^^^^^^^^^^^^^^^^^^^^^
^^^^^^^^^^^^^^^^^^^^^^
^^^^^^^^^^^^^^^^^^^^^^
^^^^^^^^^^^^^^^^^^^^^^
^^^^^^
> 17 |         </div>
     | ^^^^^^^^^^^^^^^
^^^^^^^^^^^^^^^^^^^^^^
^^^^^^^^^^^^^^^^^^^^^^
^^^^^^^^^^^^^^^^^^^^^^
^^^^^^^^^^^^^^^^^^^^^^
^^^^^^^^^^^^^^^^^^^^^^
^^^^^^
> 18 |     )
     | ^^^^^^ The 
component is created 
during render here
  19 |
  20 |     return (
  21 |         
<button  react-hooks/s
tatic-components
71:18  Error: Error: 
Cannot create 
components during 
render

Components created 
during render will 
reset their state 
each time they are 
created. Declare 
components outside of 
render.

C:\Users\analista2.des
arrollo\Desktop\contro
l_de_piso\components\p
intura\OrdenCard.tsx:7
1:18
  69 |                
 <MiniMetric 
label="Estanteria" 
value={0} />
  70 |                
 <MiniMetric 
label="Acabado" 
value={0} />
> 71 |                
 <MiniMetric 
label="Rep. Larga" 
value={0} />
     |                
  ^^^^^^^^^^ This 
component is created 
during render
  72 |                
 <MiniMetric 
label="Destrucci├│n" 
value={0} />
  73 |                
 <MiniMetric 
label="Digitado" 
value={0} />
  74 |                
 <MiniMetric 
label="CEDI" 
value={0} 
color="bg-cyan-50 
border-cyan-200" />

C:\Users\analista2.des
arrollo\Desktop\contro
l_de_piso\components\p
intura\OrdenCard.tsx:1
3:24
  11 | export default 
function OrdenCard({ 
orden, isActive, 
onClick }: 
OrdenCardProps) {
  12 |     // Helper 
to render a small 
metric box within the 
card
> 13 |     const 
MiniMetric = ({ 
label, value, color 
}: { label: string, 
value: number, 
color?: string }) => (
     |                
        ^^^^^^^^^^^^^^
^^^^^^^^^^^^^^^^^^^^^^
^^^^^^^^^^^^^^^^^^^^^^
^^^^^^^^^^^^^^^^^^^^^^
> 14 |         <div 
className={`flex 
flex-col items-center 
justify-center p-1 
border rounded 
min-w-[70px] ${color 
|| 
'border-gray-200'}`}>
     | ^^^^^^^^^^^^^^^
^^^^^^^^^^^^^^^^^^^^^^
^^^^^^^^^^^^^^^^^^^^^^
^^^^^^^^^^^^^^^^^^^^^^
^^^^^^^^^^^^^^^^^^^^^^
^^^^^^^^^^^^^^^^^^^^^^
^^^^^^
> 15 |             
<span className="text-
[10px] font-bold 
text-gray-900 uppercas
e">{label}</span>
     | ^^^^^^^^^^^^^^^
^^^^^^^^^^^^^^^^^^^^^^
^^^^^^^^^^^^^^^^^^^^^^
^^^^^^^^^^^^^^^^^^^^^^
^^^^^^^^^^^^^^^^^^^^^^
^^^^^^^^^^^^^^^^^^^^^^
^^^^^^
> 16 |             
<span 
className="text-sm 
font-bold text-gray-90
0">{value}</span>
     | ^^^^^^^^^^^^^^^
^^^^^^^^^^^^^^^^^^^^^^
^^^^^^^^^^^^^^^^^^^^^^
^^^^^^^^^^^^^^^^^^^^^^
^^^^^^^^^^^^^^^^^^^^^^
^^^^^^^^^^^^^^^^^^^^^^
^^^^^^
> 17 |         </div>
     | ^^^^^^^^^^^^^^^
^^^^^^^^^^^^^^^^^^^^^^
^^^^^^^^^^^^^^^^^^^^^^
^^^^^^^^^^^^^^^^^^^^^^
^^^^^^^^^^^^^^^^^^^^^^
^^^^^^^^^^^^^^^^^^^^^^
^^^^^^
> 18 |     )
     | ^^^^^^ The 
component is created 
during render here
  19 |
  20 |     return (
  21 |         
<button  react-hooks/s
tatic-components
72:18  Error: Error: 
Cannot create 
components during 
render

Components created 
during render will 
reset their state 
each time they are 
created. Declare 
components outside of 
render.

C:\Users\analista2.des
arrollo\Desktop\contro
l_de_piso\components\p
intura\OrdenCard.tsx:7
2:18
  70 |                
 <MiniMetric 
label="Acabado" 
value={0} />
  71 |                
 <MiniMetric 
label="Rep. Larga" 
value={0} />
> 72 |                
 <MiniMetric 
label="Destrucci├│n" 
value={0} />
     |                
  ^^^^^^^^^^ This 
component is created 
during render
  73 |                
 <MiniMetric 
label="Digitado" 
value={0} />
  74 |                
 <MiniMetric 
label="CEDI" 
value={0} 
color="bg-cyan-50 
border-cyan-200" />
  75 |             
</div>

C:\Users\analista2.des
arrollo\Desktop\contro
l_de_piso\components\p
intura\OrdenCard.tsx:1
3:24
  11 | export default 
function OrdenCard({ 
orden, isActive, 
onClick }: 
OrdenCardProps) {
  12 |     // Helper 
to render a small 
metric box within the 
card
> 13 |     const 
MiniMetric = ({ 
label, value, color 
}: { label: string, 
value: number, 
color?: string }) => (
     |                
        ^^^^^^^^^^^^^^
^^^^^^^^^^^^^^^^^^^^^^
^^^^^^^^^^^^^^^^^^^^^^
^^^^^^^^^^^^^^^^^^^^^^
> 14 |         <div 
className={`flex 
flex-col items-center 
justify-center p-1 
border rounded 
min-w-[70px] ${color 
|| 
'border-gray-200'}`}>
     | ^^^^^^^^^^^^^^^
^^^^^^^^^^^^^^^^^^^^^^
^^^^^^^^^^^^^^^^^^^^^^
^^^^^^^^^^^^^^^^^^^^^^
^^^^^^^^^^^^^^^^^^^^^^
^^^^^^^^^^^^^^^^^^^^^^
^^^^^^
> 15 |             
<span className="text-
[10px] font-bold 
text-gray-900 uppercas
e">{label}</span>
     | ^^^^^^^^^^^^^^^
^^^^^^^^^^^^^^^^^^^^^^
^^^^^^^^^^^^^^^^^^^^^^
^^^^^^^^^^^^^^^^^^^^^^
^^^^^^^^^^^^^^^^^^^^^^
^^^^^^^^^^^^^^^^^^^^^^
^^^^^^
> 16 |             
<span 
className="text-sm 
font-bold text-gray-90
0">{value}</span>
     | ^^^^^^^^^^^^^^^
^^^^^^^^^^^^^^^^^^^^^^
^^^^^^^^^^^^^^^^^^^^^^
^^^^^^^^^^^^^^^^^^^^^^
^^^^^^^^^^^^^^^^^^^^^^
^^^^^^^^^^^^^^^^^^^^^^
^^^^^^
> 17 |         </div>
     | ^^^^^^^^^^^^^^^
^^^^^^^^^^^^^^^^^^^^^^
^^^^^^^^^^^^^^^^^^^^^^
^^^^^^^^^^^^^^^^^^^^^^
^^^^^^^^^^^^^^^^^^^^^^
^^^^^^^^^^^^^^^^^^^^^^
^^^^^^
> 18 |     )
     | ^^^^^^ The 
component is created 
during render here
  19 |
  20 |     return (
  21 |         
<button  react-hooks/s
tatic-components
73:18  Error: Error: 
Cannot create 
components during 
render

Components created 
during render will 
reset their state 
each time they are 
created. Declare 
components outside of 
render.

C:\Users\analista2.des
arrollo\Desktop\contro
l_de_piso\components\p
intura\OrdenCard.tsx:7
3:18
  71 |                
 <MiniMetric 
label="Rep. Larga" 
value={0} />
  72 |                
 <MiniMetric 
label="Destrucci├│n" 
value={0} />
> 73 |                
 <MiniMetric 
label="Digitado" 
value={0} />
     |                
  ^^^^^^^^^^ This 
component is created 
during render
  74 |                
 <MiniMetric 
label="CEDI" 
value={0} 
color="bg-cyan-50 
border-cyan-200" />
  75 |             
</div>
  76 |         
</button>

C:\Users\analista2.des
arrollo\Desktop\contro
l_de_piso\components\p
intura\OrdenCard.tsx:1
3:24
  11 | export default 
function OrdenCard({ 
orden, isActive, 
onClick }: 
OrdenCardProps) {
  12 |     // Helper 
to render a small 
metric box within the 
card
> 13 |     const 
MiniMetric = ({ 
label, value, color 
}: { label: string, 
value: number, 
color?: string }) => (
     |                
        ^^^^^^^^^^^^^^
^^^^^^^^^^^^^^^^^^^^^^
^^^^^^^^^^^^^^^^^^^^^^
^^^^^^^^^^^^^^^^^^^^^^
> 14 |         <div 
className={`flex 
flex-col items-center 
justify-center p-1 
border rounded 
min-w-[70px] ${color 
|| 
'border-gray-200'}`}>
     | ^^^^^^^^^^^^^^^
^^^^^^^^^^^^^^^^^^^^^^
^^^^^^^^^^^^^^^^^^^^^^
^^^^^^^^^^^^^^^^^^^^^^
^^^^^^^^^^^^^^^^^^^^^^
^^^^^^^^^^^^^^^^^^^^^^
^^^^^^
> 15 |             
<span className="text-
[10px] font-bold 
text-gray-900 uppercas
e">{label}</span>
     | ^^^^^^^^^^^^^^^
^^^^^^^^^^^^^^^^^^^^^^
^^^^^^^^^^^^^^^^^^^^^^
^^^^^^^^^^^^^^^^^^^^^^
^^^^^^^^^^^^^^^^^^^^^^
^^^^^^^^^^^^^^^^^^^^^^
^^^^^^
> 16 |             
<span 
className="text-sm 
font-bold text-gray-90
0">{value}</span>
     | ^^^^^^^^^^^^^^^
^^^^^^^^^^^^^^^^^^^^^^
^^^^^^^^^^^^^^^^^^^^^^
^^^^^^^^^^^^^^^^^^^^^^
^^^^^^^^^^^^^^^^^^^^^^
^^^^^^^^^^^^^^^^^^^^^^
^^^^^^
> 17 |         </div>
     | ^^^^^^^^^^^^^^^
^^^^^^^^^^^^^^^^^^^^^^
^^^^^^^^^^^^^^^^^^^^^^
^^^^^^^^^^^^^^^^^^^^^^
^^^^^^^^^^^^^^^^^^^^^^
^^^^^^^^^^^^^^^^^^^^^^
^^^^^^
> 18 |     )
     | ^^^^^^ The 
component is created 
during render here
  19 |
  20 |     return (
  21 |         
<button  react-hooks/s
tatic-components
74:18  Error: Error: 
Cannot create 
components during 
render

Components created 
during render will 
reset their state 
each time they are 
created. Declare 
components outside of 
render.

C:\Users\analista2.des
arrollo\Desktop\contro
l_de_piso\components\p
intura\OrdenCard.tsx:7
4:18
  72 |                
 <MiniMetric 
label="Destrucci├│n" 
value={0} />
  73 |                
 <MiniMetric 
label="Digitado" 
value={0} />
> 74 |                
 <MiniMetric 
label="CEDI" 
value={0} 
color="bg-cyan-50 
border-cyan-200" />
     |                
  ^^^^^^^^^^ This 
component is created 
during render
  75 |             
</div>
  76 |         
</button>
  77 |     )

C:\Users\analista2.des
arrollo\Desktop\contro
l_de_piso\components\p
intura\OrdenCard.tsx:1
3:24
  11 | export default 
function OrdenCard({ 
orden, isActive, 
onClick }: 
OrdenCardProps) {
  12 |     // Helper 
to render a small 
metric box within the 
card
> 13 |     const 
MiniMetric = ({ 
label, value, color 
}: { label: string, 
value: number, 
color?: string }) => (
     |                
        ^^^^^^^^^^^^^^
^^^^^^^^^^^^^^^^^^^^^^
^^^^^^^^^^^^^^^^^^^^^^
^^^^^^^^^^^^^^^^^^^^^^
> 14 |         <div 
className={`flex 
flex-col items-center 
justify-center p-1 
border rounded 
min-w-[70px] ${color 
|| 
'border-gray-200'}`}>
     | ^^^^^^^^^^^^^^^
^^^^^^^^^^^^^^^^^^^^^^
^^^^^^^^^^^^^^^^^^^^^^
^^^^^^^^^^^^^^^^^^^^^^
^^^^^^^^^^^^^^^^^^^^^^
^^^^^^^^^^^^^^^^^^^^^^
^^^^^^
> 15 |             
<span className="text-
[10px] font-bold 
text-gray-900 uppercas
e">{label}</span>
     | ^^^^^^^^^^^^^^^
^^^^^^^^^^^^^^^^^^^^^^
^^^^^^^^^^^^^^^^^^^^^^
^^^^^^^^^^^^^^^^^^^^^^
^^^^^^^^^^^^^^^^^^^^^^
^^^^^^^^^^^^^^^^^^^^^^
^^^^^^
> 16 |             
<span 
className="text-sm 
font-bold text-gray-90
0">{value}</span>
     | ^^^^^^^^^^^^^^^
^^^^^^^^^^^^^^^^^^^^^^
^^^^^^^^^^^^^^^^^^^^^^
^^^^^^^^^^^^^^^^^^^^^^
^^^^^^^^^^^^^^^^^^^^^^
^^^^^^^^^^^^^^^^^^^^^^
^^^^^^
> 17 |         </div>
     | ^^^^^^^^^^^^^^^
^^^^^^^^^^^^^^^^^^^^^^
^^^^^^^^^^^^^^^^^^^^^^
^^^^^^^^^^^^^^^^^^^^^^
^^^^^^^^^^^^^^^^^^^^^^
^^^^^^^^^^^^^^^^^^^^^^
^^^^^^
> 18 |     )
     | ^^^^^^ The 
component is created 
during render here
  19 |
  20 |     return (
  21 |         
<button  react-hooks/s
tatic-components

./components/pintura/P
inturaModule.tsx
8:8  Warning: 
'MoldSelector' is 
defined but never 
used.  @typescript-esl
int/no-unused-vars

./components/pulido/Re
gistroPulidoCard.tsx
6:10  Warning: 
'Package' is defined 
but never used.  @type
script-eslint/no-unuse
d-vars
6:33  Warning: 'Info' 
is defined but never 
used.  @typescript-esl
int/no-unused-vars
6:39  Warning: 
'CheckCircle' is 
defined but never 
used.  @typescript-esl
int/no-unused-vars
6:83  Warning: 
'AlertCircle' is 
defined but never 
used.  @typescript-esl
int/no-unused-vars

./components/reparacio
n/RegistroReparacionCa
rd.tsx
6:59  Warning: 
'AlertTriangle' is 
defined but never 
used.  @typescript-esl
int/no-unused-vars

./components/reparacio
n/ReparacionModule.tsx
7:66  Warning: 
'LayoutGrid' is 
defined but never 
used.  @typescript-esl
int/no-unused-vars
17:8  Warning: React 
Hook useEffect has a 
missing dependency: 
'loadRegistros'. 
Either include it or 
remove the dependency 
array.  react-hooks/ex
haustive-deps

./components/vaciado/V
aciadoModule.tsx
8:26  Warning: 'Info' 
is defined but never 
used.  @typescript-esl
int/no-unused-vars
18:13  Error: Error: 
Cannot access 
variable before it is 
declared

`loadRegistros` is 
accessed before it is 
declared, which 
prevents the earlier 
access from updating 
when this value 
changes over time.

C:\Users\analista2.des
arrollo\Desktop\contro
l_de_piso\components\v
aciado\VaciadoModule.t
sx:18:13
  16 |     
useEffect(() => {
  17 |         if 
(activeTab === 
'reportar') {
> 18 |             
loadRegistros()
     |             
^^^^^^^^^^^^^ 
`loadRegistros` 
accessed before it is 
declared
  19 |         }
  20 |     }, 
[activeTab])
  21 |

C:\Users\analista2.des
arrollo\Desktop\contro
l_de_piso\components\v
aciado\VaciadoModule.t
sx:22:5
  20 |     }, 
[activeTab])
  21 |
> 22 |     const 
loadRegistros = async 
() => {
     |     ^^^^^^^^^^^
^^^^^^^^^^^^^^^^^^^^^^
^^
> 23 |         
setLoading(true)
     | ^^^^^^^^^^^^^^^
^^^^^^^^^
> 24 |         const 
data = await getRegist
rosParaVaciado()
     | ^^^^^^^^^^^^^^^
^^^^^^^^^
> 25 |         
setRegistros(data)
     | ^^^^^^^^^^^^^^^
^^^^^^^^^
> 26 |         
setLoading(false)
     | ^^^^^^^^^^^^^^^
^^^^^^^^^
> 27 |     }
     | ^^^^^^ 
`loadRegistros` is 
declared here
  28 |
  29 |     const 
filteredRegistros = 
registros.filter(r => 
{
  30 |         if 
(!searchText) return 
true  react-hooks/immu
tability

./lib/supabase/queries
/administracion.ts
3:64  Error: 
Unexpected any. 
Specify a different 
type.  @typescript-esl
int/no-explicit-any
27:68  Error: 
Unexpected any. 
Specify a different 
type.  @typescript-esl
int/no-explicit-any

./lib/supabase/queries
/productos.ts
26:26  Error: 
Unexpected any. 
Specify a different 
type.  @typescript-esl
int/no-explicit-any

info  - Need to 
disable some ESLint 
rules? Learn more 
here: https://nextjs.o
rg/docs/app/api-refere
nce/config/eslint#disa
bling-rules
